
> saviedutech@1.0.0 build
> next build

   Γû▓ Next.js 15.5.12
   - Environments: .env.local
   - Experiments (use with caution):
     ┬╖ optimizePackageImports

   Creating an optimized production build ...
node.exe : <w> [webpac
k.cache.PackFileCacheS
trategy] Serializing 
big strings (128kiB) 
impacts 
deserialization 
performance (consider 
using Buffer instead 
and decode when 
needed)
At line:1 char:1
+ & "C:\Program Files\
nodejs/node.exe" 
"C:\Program 
Files\nodejs/node_mo 
...
+ ~~~~~~~~~~~~~~~~~~~~
~~~~~~~~~~~~~~~~~~~~~~
~~~~~~~~~~~~~~~~~~~~~~
~~~~~
    + CategoryInfo    
          : NotSpeci  
  fied: (<w> [webpa   
 ck.ca...de when n    
eeded):String) []    
, RemoteException
    + FullyQualifiedE 
   rrorId : NativeCo  
  mmandError
 
<w> [webpack.cache.Pac
kFileCacheStrategy] 
Serializing big 
strings (133kiB) 
impacts 
deserialization 
performance (consider 
using Buffer instead 
and decode when 
needed)
 Γ£ô Compiled successfully in 18.4s
   Linting and checking validity of types ...

 ΓÜá The Next.js 
plugin was not 
detected in your 
ESLint configuration. 
See https://nextjs.org
/docs/app/api-referenc
e/config/eslint#migrat
ing-existing-config

./src/app/(auth)/register/page.tsx
133:9  Warning: 'userRole' is assigned a value but never used.  @typescript-eslint/no-unused-vars
172:36  Warning: Unexpected any. Specify a different type.  @typescript-eslint/no-explicit-any
173:36  Warning: Unexpected any. Specify a different type.  @typescript-eslint/no-explicit-any

./src/app/admin/ai-content/page.tsx
78:60  Warning: Unexpected any. Specify a different type.  @typescript-eslint/no-explicit-any
82:60  Warning: Unexpected any. Specify a different type.  @typescript-eslint/no-explicit-any
143:19  Warning: Unexpected any. Specify a different type.  @typescript-eslint/no-explicit-any
186:19  Warning: Unexpected any. Specify a different type.  @typescript-eslint/no-explicit-any
237:19  Warning: Unexpected any. Specify a different type.  @typescript-eslint/no-explicit-any
278:19  Warning: Unexpected any. Specify a different type.  @typescript-eslint/no-explicit-any
568:69  Warning: Unexpected any. Specify a different type.  @typescript-eslint/no-explicit-any
589:66  Warning: Unexpected any. Specify a different type.  @typescript-eslint/no-explicit-any
605:79  Warning: Unexpected any. Specify a different type.  @typescript-eslint/no-explicit-any
619:63  Warning: Unexpected any. Specify a different type.  @typescript-eslint/no-explicit-any
631:80  Warning: Unexpected any. Specify a different type.  @typescript-eslint/no-explicit-any
789:56  Warning: Unexpected any. Specify a different type.  @typescript-eslint/no-explicit-any

./src/app/admin/backups/page.tsx
35:11  Warning: 'supabase' is assigned a value but never used.  @typescript-eslint/no-unused-vars
62:23  Warning: Unexpected any. Specify a different type.  @typescript-eslint/no-explicit-any
104:23  Warning: Unexpected any. Specify a different type.  @typescript-eslint/no-explicit-any
133:23  Warning: Unexpected any. Specify a different type.  @typescript-eslint/no-explicit-any

./src/app/admin/careers/page.tsx
89:56  Warning: Unexpected any. Specify a different type.  @typescript-eslint/no-explicit-any
104:56  Warning: Unexpected any. Specify a different type.  @typescript-eslint/no-explicit-any
203:54  Warning: Unexpected any. Specify a different type.  @typescript-eslint/no-explicit-any
207:54  Warning: Unexpected any. Specify a different type.  @typescript-eslint/no-explicit-any
231:50  Warning: Unexpected any. Specify a different type.  @typescript-eslint/no-explicit-any
243:50  Warning: Unexpected any. Specify a different type.  @typescript-eslint/no-explicit-any

./src/app/admin/challenges/page.tsx
10:5  Warning: 'Users' is defined but never used.  @typescript-eslint/no-unused-vars

./src/app/admin/cms/page.tsx
5:35  Warning: 'Trash2' is defined but never used.  @typescript-eslint/no-unused-vars
20:12  Warning: 'loading' is assigned a value but never used.  @typescript-eslint/no-unused-vars

./src/app/admin/cms/[slug]/page.tsx
41:8  Warning: React Hook useEffect has a missing dependency: 'fetchPageData'. Either include it or remove the dependency array.  react-hooks/exhaustive-deps

./src/app/admin/courses/page.tsx
103:8  Warning: React Hook useCallback has an unnecessary dependency: 'breadcrumbs'. Either exclude it or remove the dependency array.  react-hooks/exhaustive-deps

./src/app/admin/lectures/page.tsx
9:5  Warning: 'Clock' is defined but never used.  @typescript-eslint/no-unused-vars
14:5  Warning: 'FileText' is defined but never used.  @typescript-eslint/no-unused-vars
17:5  Warning: 'Paperclip' is defined but never used.  @typescript-eslint/no-unused-vars
18:5  Warning: 'Check' is defined but never used.  @typescript-eslint/no-unused-vars
139:33  Warning: Using `<img>` could result in slower LCP and higher bandwidth. Consider using `<Image />` from `next/image` or a custom image loader to automatically optimize images. This may incur additional usage or cost from your provider. See: https://nextjs.org/docs/messages/no-img-element  @next/next/no-img-element
514:45  Warning: Using `<img>` could result in slower LCP and higher bandwidth. Consider using `<Image />` from `next/image` or a custom image loader to automatically optimize images. This may incur additional usage or cost from your provider. See: https://nextjs.org/docs/messages/no-img-element  @next/next/no-img-element

./src/app/admin/students/page.tsx
4:34  Warning: 'ActionButton' is defined but never used.  @typescript-eslint/no-unused-vars
8:5  Warning: 'GraduationCap' is defined but never used.  @typescript-eslint/no-unused-vars
12:5  Warning: 'Target' is defined but never used.  @typescript-eslint/no-unused-vars
13:5  Warning: 'Mail' is defined but never used.  @typescript-eslint/no-unused-vars
14:5  Warning: 'Phone' is defined but never used.  @typescript-eslint/no-unused-vars
15:5  Warning: 'MapPin' is defined but never used.  @typescript-eslint/no-unused-vars
18:5  Warning: 'Ban' is defined but never used.  @typescript-eslint/no-unused-vars

./src/app/admin/tests/page.tsx
9:5  Warning: 'Clock' is defined but never used.  @typescript-eslint/no-unused-vars
11:5  Warning: 'Users' is defined but never used.  @typescript-eslint/no-unused-vars
15:5  Warning: 'Search' is defined but never used.  @typescript-eslint/no-unused-vars
24:6  Warning: 'TestType' is defined but never used.  @typescript-eslint/no-unused-vars
282:31  Warning: 'setSelectedQuestions' is assigned a value but never used.  @typescript-eslint/no-unused-vars

./src/app/api/admin/cms/route.ts
44:33  Warning: Unexpected any. Specify a different type.  @typescript-eslint/no-explicit-any

./src/app/api/ai/generate-lecture/route.ts
15:5  Warning: 'formatLectureForDisplay' is defined but never used.  @typescript-eslint/no-unused-vars

./src/app/api/ai/generate-questions/route.ts
15:5  Warning: 'formatQuestionsForDisplay' is defined but never used.  @typescript-eslint/no-unused-vars
17:42  Warning: 'Subject' is defined but never used.  @typescript-eslint/no-unused-vars

./src/app/api/auth/bootstrap-profile/route.ts
71:73  Warning: Unexpected any. Specify a different type.  @typescript-eslint/no-explicit-any
92:93  Warning: Unexpected any. Specify a different type.  @typescript-eslint/no-explicit-any

./src/app/api/cron/biweekly-test-scheduler/route.ts
133:18  Warning: Unexpected any. Specify a different type.  @typescript-eslint/no-explicit-any
148:66  Warning: Unexpected any. Specify a different type.  @typescript-eslint/no-explicit-any
154:55  Warning: Unexpected any. Specify a different type.  @typescript-eslint/no-explicit-any
177:39  Warning: Unexpected any. Specify a different type.  @typescript-eslint/no-explicit-any
217:34  Warning: Unexpected any. Specify a different type.  @typescript-eslint/no-explicit-any
252:22  Warning: Unexpected any. Specify a different type.  @typescript-eslint/no-explicit-any
272:14  Warning: Unexpected any. Specify a different type.  @typescript-eslint/no-explicit-any
287:14  Warning: Unexpected any. Specify a different type.  @typescript-eslint/no-explicit-any
308:42  Warning: 'force' is assigned a value but never used.  @typescript-eslint/no-unused-vars
333:26  Warning: Unexpected any. Specify a different type.  @typescript-eslint/no-explicit-any
375:26  Warning: Unexpected any. Specify a different type.  @typescript-eslint/no-explicit-any
404:14  Warning: Unexpected any. Specify a different type.  @typescript-eslint/no-explicit-any

./src/app/api/cron/daily-challenge/route.ts
29:39  Warning: Unexpected any. Specify a different type.  @typescript-eslint/no-explicit-any
33:38  Warning: Unexpected any. Specify a different type.  @typescript-eslint/no-explicit-any
40:35  Warning: Unexpected any. Specify a different type.  @typescript-eslint/no-explicit-any
52:35  Warning: Unexpected any. Specify a different type.  @typescript-eslint/no-explicit-any
59:46  Warning: Unexpected any. Specify a different type.  @typescript-eslint/no-explicit-any
83:14  Warning: Unexpected any. Specify a different type.  @typescript-eslint/no-explicit-any
97:14  Warning: Unexpected any. Specify a different type.  @typescript-eslint/no-explicit-any

./src/app/api/cron/database-backup/route.ts
83:21  Warning: Unexpected any. Specify a different type.  @typescript-eslint/no-explicit-any
154:21  Warning: Unexpected any. Specify a different type.  @typescript-eslint/no-explicit-any

./src/app/api/cron/dpp-generator/route.ts
37:39  Warning: Unexpected any. Specify a different type.  @typescript-eslint/no-explicit-any
43:38  Warning: Unexpected any. Specify a different type.  @typescript-eslint/no-explicit-any
49:43  Warning: Unexpected any. Specify a different type.  @typescript-eslint/no-explicit-any
56:48  Warning: Unexpected any. Specify a different type.  @typescript-eslint/no-explicit-any
64:39  Warning: Unexpected any. Specify a different type.  @typescript-eslint/no-explicit-any
72:47  Warning: Unexpected any. Specify a different type.  @typescript-eslint/no-explicit-any
79:49  Warning: Unexpected any. Specify a different type.  @typescript-eslint/no-explicit-any
79:71  Warning: Unexpected any. Specify a different type.  @typescript-eslint/no-explicit-any
90:36  Warning: Unexpected any. Specify a different type.  @typescript-eslint/no-explicit-any
97:45  Warning: Unexpected any. Specify a different type.  @typescript-eslint/no-explicit-any
97:61  Warning: Unexpected any. Specify a different type.  @typescript-eslint/no-explicit-any
110:42  Warning: Unexpected any. Specify a different type.  @typescript-eslint/no-explicit-any
120:53  Warning: Unexpected any. Specify a different type.  @typescript-eslint/no-explicit-any
127:72  Warning: Unexpected any. Specify a different type.  @typescript-eslint/no-explicit-any
128:67  Warning: Unexpected any. Specify a different type.  @typescript-eslint/no-explicit-any
141:40  Warning: Unexpected any. Specify a different type.  @typescript-eslint/no-explicit-any
148:74  Warning: Unexpected any. Specify a different type.  @typescript-eslint/no-explicit-any
149:66  Warning: Unexpected any. Specify a different type.  @typescript-eslint/no-explicit-any
154:62  Warning: Unexpected any. Specify a different type.  @typescript-eslint/no-explicit-any
168:35  Warning: Unexpected any. Specify a different type.  @typescript-eslint/no-explicit-any
184:34  Warning: Unexpected any. Specify a different type.  @typescript-eslint/no-explicit-any
194:37  Warning: Unexpected any. Specify a different type.  @typescript-eslint/no-explicit-any
194:69  Warning: Unexpected any. Specify a different type.  @typescript-eslint/no-explicit-any
213:14  Warning: Unexpected any. Specify a different type.  @typescript-eslint/no-explicit-any
228:14  Warning: Unexpected any. Specify a different type.  @typescript-eslint/no-explicit-any

./src/app/api/cron/email-notifications/route.ts
23:5  Warning: 'sendBatchEmails' is defined but never used.  @typescript-eslint/no-unused-vars
169:11  Warning: 'reminder24h' is assigned a value but never used.  @typescript-eslint/no-unused-vars
170:11  Warning: 'reminder1h' is assigned a value but never used.  @typescript-eslint/no-unused-vars
292:11  Warning: 'appUrl' is assigned a value but never used.  @typescript-eslint/no-unused-vars

./src/app/api/cron/health-monitor/route.ts
187:14  Warning: Unexpected any. Specify a different type.  @typescript-eslint/no-explicit-any
225:14  Warning: Unexpected any. Specify a different type.  @typescript-eslint/no-explicit-any

./src/app/api/cron/lecture-publisher/route.ts
28:63  Warning: Unexpected any. Specify a different type.  @typescript-eslint/no-explicit-any
32:44  Warning: Unexpected any. Specify a different type.  @typescript-eslint/no-explicit-any
52:14  Warning: Unexpected any. Specify a different type.  @typescript-eslint/no-explicit-any
66:14  Warning: Unexpected any. Specify a different type.  @typescript-eslint/no-explicit-any

./src/app/api/cron/revision-updater/route.ts
3:15  Warning: 'Database' is defined but never used.  @typescript-eslint/no-unused-vars
29:39  Warning: Unexpected any. Specify a different type.  @typescript-eslint/no-explicit-any
37:44  Warning: Unexpected any. Specify a different type.  @typescript-eslint/no-explicit-any
47:67  Warning: Unexpected any. Specify a different type.  @typescript-eslint/no-explicit-any
48:34  Warning: Unexpected any. Specify a different type.  @typescript-eslint/no-explicit-any
61:71  Warning: Unexpected any. Specify a different type.  @typescript-eslint/no-explicit-any
62:34  Warning: Unexpected any. Specify a different type.  @typescript-eslint/no-explicit-any
71:30  Warning: Unexpected any. Specify a different type.  @typescript-eslint/no-explicit-any
72:32  Warning: Unexpected any. Specify a different type.  @typescript-eslint/no-explicit-any
83:43  Warning: Unexpected any. Specify a different type.  @typescript-eslint/no-explicit-any
93:38  Warning: Unexpected any. Specify a different type.  @typescript-eslint/no-explicit-any
95:39  Warning: Unexpected any. Specify a different type.  @typescript-eslint/no-explicit-any
102:59  Warning: Unexpected any. Specify a different type.  @typescript-eslint/no-explicit-any
105:62  Warning: Unexpected any. Specify a different type.  @typescript-eslint/no-explicit-any
128:33  Warning: Unexpected any. Specify a different type.  @typescript-eslint/no-explicit-any
129:14  Warning: Unexpected any. Specify a different type.  @typescript-eslint/no-explicit-any
142:38  Warning: Unexpected any. Specify a different type.  @typescript-eslint/no-explicit-any
143:14  Warning: Unexpected any. Specify a different type.  @typescript-eslint/no-explicit-any

./src/app/api/cron/test-runner/route.ts
92:22  Warning: Unexpected any. Specify a different type.  @typescript-eslint/no-explicit-any
115:22  Warning: Unexpected any. Specify a different type.  @typescript-eslint/no-explicit-any
147:14  Warning: Unexpected any. Specify a different type.  @typescript-eslint/no-explicit-any
214:14  Warning: Unexpected any. Specify a different type.  @typescript-eslint/no-explicit-any

./src/app/api/gamification/user-stats/route.ts
19:16  Warning: 'getUser' is defined but never used.  @typescript-eslint/no-unused-vars

./src/app/api/lectures/progress/route.ts
76:41  Warning: Unexpected any. Specify a different type.  @typescript-eslint/no-explicit-any
117:42  Warning: Unexpected any. Specify a different type.  @typescript-eslint/no-explicit-any
177:41  Warning: Unexpected any. Specify a different type.  @typescript-eslint/no-explicit-any
187:31  Warning: Unexpected any. Specify a different type.  @typescript-eslint/no-explicit-any
193:61  Warning: Unexpected any. Specify a different type.  @typescript-eslint/no-explicit-any
196:64  Warning: Unexpected any. Specify a different type.  @typescript-eslint/no-explicit-any
200:45  Warning: Unexpected any. Specify a different type.  @typescript-eslint/no-explicit-any
202:48  Warning: Unexpected any. Specify a different type.  @typescript-eslint/no-explicit-any
210:31  Warning: Unexpected any. Specify a different type.  @typescript-eslint/no-explicit-any
223:45  Warning: Unexpected any. Specify a different type.  @typescript-eslint/no-explicit-any
305:45  Warning: Unexpected any. Specify a different type.  @typescript-eslint/no-explicit-any
311:31  Warning: Unexpected any. Specify a different type.  @typescript-eslint/no-explicit-any
319:64  Warning: Unexpected any. Specify a different type.  @typescript-eslint/no-explicit-any
322:49  Warning: Unexpected any. Specify a different type.  @typescript-eslint/no-explicit-any
324:52  Warning: Unexpected any. Specify a different type.  @typescript-eslint/no-explicit-any
338:49  Warning: Unexpected any. Specify a different type.  @typescript-eslint/no-explicit-any
349:45  Warning: Unexpected any. Specify a different type.  @typescript-eslint/no-explicit-any
355:22  Warning: Unexpected any. Specify a different type.  @typescript-eslint/no-explicit-any
379:16  Warning: 'getCourseProgressInternal' is defined but never used.  @typescript-eslint/no-unused-vars
415:33  Warning: Unexpected any. Specify a different type.  @typescript-eslint/no-explicit-any
431:56  Warning: Unexpected any. Specify a different type.  @typescript-eslint/no-explicit-any

./src/app/api/payment-monitor/route.ts
12:5  Warning: 'checkGatewayHealth' is defined but never used.  @typescript-eslint/no-unused-vars

./src/app/api/payments/verify/route.ts
121:38  Warning: Unexpected any. Specify a different type.  @typescript-eslint/no-explicit-any

./src/app/api/performance-audit/route.ts
16:5  Warning: 'analyzeSlowQueries' is defined but never used.  @typescript-eslint/no-unused-vars
18:5  Warning: 'analyzeTablePerformance' is defined but never used.  @typescript-eslint/no-unused-vars
25:5  Warning: 'implementQueryCache' is defined but never used.  @typescript-eslint/no-unused-vars
30:5  Warning: 'analyzeBundleSize' is defined but never used.  @typescript-eslint/no-unused-vars
31:5  Warning: 'identifyUnusedCode' is defined but never used.  @typescript-eslint/no-unused-vars
36:5  Warning: 'analyzeAPIResponseTimes' is defined but never used.  @typescript-eslint/no-unused-vars
47:10  Warning: 'QueryPerformanceReport' is defined but never used.  @typescript-eslint/no-unused-vars
51:10  Warning: 'BundleReport' is defined but never used.  @typescript-eslint/no-unused-vars
52:10  Warning: 'APIPerformanceReport' is defined but never used.  @typescript-eslint/no-unused-vars
54:10  Warning: 'PerformanceMetrics' is defined but never used.  @typescript-eslint/no-unused-vars
145:15  Warning: 'timeRangeMs' is assigned a value but never used.  @typescript-eslint/no-unused-vars

./src/app/api/practice-sessions/route.ts
211:30  Warning: Unexpected any. Specify a different type.  @typescript-eslint/no-explicit-any
280:52  Warning: Unexpected any. Specify a different type.  @typescript-eslint/no-explicit-any

./src/app/api/self-healing/route.ts
28:10  Warning: 'RecoveryActionType' is defined but never used.  @typescript-eslint/no-unused-vars

./src/app/api/test-attempts/route.ts
6:15  Warning: 'TestAttempt' is defined but never used.  @typescript-eslint/no-unused-vars
134:21  Warning: Unexpected any. Specify a different type.  @typescript-eslint/no-explicit-any
398:31  Warning: 'updatedAttempt' is assigned a value but never used.  @typescript-eslint/no-unused-vars
465:21  Warning: Unexpected any. Specify a different type.  @typescript-eslint/no-explicit-any
513:21  Warning: Unexpected any. Specify a different type.  @typescript-eslint/no-explicit-any

./src/app/api/test-engine/route.ts
175:14  Warning: Unexpected any. Specify a different type.  @typescript-eslint/no-explicit-any
255:14  Warning: Unexpected any. Specify a different type.  @typescript-eslint/no-explicit-any
286:14  Warning: Unexpected any. Specify a different type.  @typescript-eslint/no-explicit-any

./src/app/api/tests/biweekly/register/route.ts
89:26  Warning: Unexpected any. Specify a different type.  @typescript-eslint/no-explicit-any
138:31  Warning: Unexpected any. Specify a different type.  @typescript-eslint/no-explicit-any
160:26  Warning: Unexpected any. Specify a different type.  @typescript-eslint/no-explicit-any
179:26  Warning: Unexpected any. Specify a different type.  @typescript-eslint/no-explicit-any
222:14  Warning: Unexpected any. Specify a different type.  @typescript-eslint/no-explicit-any
286:35  Warning: Unexpected any. Specify a different type.  @typescript-eslint/no-explicit-any
319:27  Warning: Unexpected any. Specify a different type.  @typescript-eslint/no-explicit-any
324:72  Warning: Unexpected any. Specify a different type.  @typescript-eslint/no-explicit-any
394:26  Warning: Unexpected any. Specify a different type.  @typescript-eslint/no-explicit-any

./src/app/careers/apply/page.tsx
91:56  Warning: Unexpected any. Specify a different type.  @typescript-eslint/no-explicit-any

./src/app/careers/page.tsx
81:56  Warning: Unexpected any. Specify a different type.  @typescript-eslint/no-explicit-any

./src/app/careers/[jobId]/page.tsx
10:5  Warning: 'Clock' is defined but never used.  @typescript-eslint/no-unused-vars
62:56  Warning: Unexpected any. Specify a different type.  @typescript-eslint/no-explicit-any

./src/app/dashboard/analytics/page.tsx
336:19  Warning: 'sortAt' is defined but never used. Allowed unused args must match /^_/u.  @typescript-eslint/no-unused-vars

./src/app/dashboard/challenge/page.tsx
4:25  Warning: 'Users' is defined but never used.  @typescript-eslint/no-unused-vars
4:37  Warning: 'ChevronRight' is defined but never used.  @typescript-eslint/no-unused-vars

./src/app/dashboard/doubts/page.tsx
128:33  Warning: Unexpected any. Specify a different type.  @typescript-eslint/no-explicit-any
373:33  Warning: Using `<img>` could result in slower LCP and higher bandwidth. Consider using `<Image />` from `next/image` or a custom image loader to automatically optimize images. This may incur additional usage or cost from your provider. See: https://nextjs.org/docs/messages/no-img-element  @next/next/no-img-element
497:37  Warning: Using `<img>` could result in slower LCP and higher bandwidth. Consider using `<Image />` from `next/image` or a custom image loader to automatically optimize images. This may incur additional usage or cost from your provider. See: https://nextjs.org/docs/messages/no-img-element  @next/next/no-img-element

./src/app/dashboard/dpp/[id]/page.tsx
9:5  Warning: 'BookOpen' is defined but never used.  @typescript-eslint/no-unused-vars
409:8  Warning: React Hook useEffect has missing dependencies: 'attempt.answers' and 'selectAnswer'. Either include them or remove the dependency array.  react-hooks/exhaustive-deps
491:37  Warning: Using `<img>` could result in slower LCP and higher bandwidth. Consider using `<Image />` from `next/image` or a custom image loader to automatically optimize images. This may incur additional usage or cost from your provider. See: https://nextjs.org/docs/messages/no-img-element  @next/next/no-img-element

./src/app/dashboard/lectures/page.tsx
4:47  Warning: 'Loader2' is defined but never used.  @typescript-eslint/no-unused-vars

./src/app/dashboard/lectures/[lectureId]/page.tsx
13:5  Warning: 'ThumbsDown' is defined but never used.  @typescript-eslint/no-unused-vars
165:20  Warning: 'isProgressLoading' is assigned a value but never used.  @typescript-eslint/no-unused-vars

./src/app/dashboard/online-exams/page.tsx
5:53  Warning: 'Clock3' is defined but never used.  @typescript-eslint/no-unused-vars

./src/app/dashboard/online-exams/[examId]/page.tsx
15:5  Warning: 'CheckCircle2' is defined but never used.  @typescript-eslint/no-unused-vars
18:5  Warning: 'Clock3' is defined but never used.  @typescript-eslint/no-unused-vars

./src/app/dashboard/page.tsx
137:45  Warning: Unexpected any. Specify a different type.  @typescript-eslint/no-explicit-any
946:5  Warning: 'thumbnail' is defined but never used. Allowed unused args must match /^_/u.  @typescript-eslint/no-unused-vars
1016:45  Warning: Unexpected any. Specify a different type.  @typescript-eslint/no-explicit-any

./src/app/dashboard/parent/page.tsx
7:5  Warning: 'Clock' is defined but never used.  @typescript-eslint/no-unused-vars
60:98  Warning: Unexpected any. Specify a different type.  @typescript-eslint/no-explicit-any
80:38  Warning: Unexpected any. Specify a different type.  @typescript-eslint/no-explicit-any
82:47  Warning: Unexpected any. Specify a different type.  @typescript-eslint/no-explicit-any
88:54  Warning: Unexpected any. Specify a different type.  @typescript-eslint/no-explicit-any
90:67  Warning: Unexpected any. Specify a different type.  @typescript-eslint/no-explicit-any
98:54  Warning: Unexpected any. Specify a different type.  @typescript-eslint/no-explicit-any
101:56  Warning: Unexpected any. Specify a different type.  @typescript-eslint/no-explicit-any
108:54  Warning: Unexpected any. Specify a different type.  @typescript-eslint/no-explicit-any
112:68  Warning: Unexpected any. Specify a different type.  @typescript-eslint/no-explicit-any
127:66  Warning: Unexpected any. Specify a different type.  @typescript-eslint/no-explicit-any

./src/app/dashboard/planner/page.tsx
139:33  Warning: Unexpected any. Specify a different type.  @typescript-eslint/no-explicit-any
173:33  Warning: Unexpected any. Specify a different type.  @typescript-eslint/no-explicit-any

./src/app/dashboard/practice/session/page.tsx
9:5  Warning: 'BookOpen' is defined but never used.  @typescript-eslint/no-unused-vars
295:37  Warning: Using `<img>` could result in slower LCP and higher bandwidth. Consider using `<Image />` from `next/image` or a custom image loader to automatically optimize images. This may incur additional usage or cost from your provider. See: https://nextjs.org/docs/messages/no-img-element  @next/next/no-img-element

./src/app/dashboard/revision/page.tsx
4:78  Warning: 'Loader2' is defined but never used.  @typescript-eslint/no-unused-vars

./src/app/dashboard/settings/page.tsx
156:13  Warning: Using `<img>` could result in slower LCP and higher bandwidth. Consider using `<Image />` from `next/image` or a custom image loader to automatically optimize images. This may incur additional usage or cost from your provider. See: https://nextjs.org/docs/messages/no-img-element  @next/next/no-img-element

./src/app/dashboard/tests/biweekly/page.tsx
85:35  Warning: Unexpected any. Specify a different type.  @typescript-eslint/no-explicit-any
93:48  Warning: Unexpected any. Specify a different type.  @typescript-eslint/no-explicit-any
96:51  Warning: Unexpected any. Specify a different type.  @typescript-eslint/no-explicit-any
196:18  Warning: 'err' is defined but never used.  @typescript-eslint/no-unused-vars

./src/app/dashboard/tests/page.tsx
4:50  Warning: 'ArrowRight' is defined but never used.  @typescript-eslint/no-unused-vars
4:74  Warning: 'Loader2' is defined but never used.  @typescript-eslint/no-unused-vars

./src/app/dashboard/tests/results/[attemptId]/page.tsx
546:41  Warning: Using `<img>` could result in slower LCP and higher bandwidth. Consider using `<Image />` from `next/image` or a custom image loader to automatically optimize images. This may incur additional usage or cost from your provider. See: https://nextjs.org/docs/messages/no-img-element  @next/next/no-img-element

./src/app/dashboard/tests/[testId]/page.tsx
21:44  Warning: 'TestQuestion' is defined but never used.  @typescript-eslint/no-unused-vars
405:8  Warning: React Hook useCallback has an unnecessary dependency: 'testId'. Either exclude it or remove the dependency array.  react-hooks/exhaustive-deps
426:9  Warning: 'answers' is assigned a value but never used.  @typescript-eslint/no-unused-vars
435:9  Warning: 'getQuestionStatus' is assigned a value but never used.  @typescript-eslint/no-unused-vars

./src/app/parent/verify/page.tsx
22:46  Warning: Unexpected any. Specify a different type.  @typescript-eslint/no-explicit-any
30:12  Warning: 'verificationCode' is assigned a value but never used.  @typescript-eslint/no-unused-vars
30:30  Warning: 'setVerificationCode' is assigned a value but never used.  @typescript-eslint/no-unused-vars
31:12  Warning: 'showVerification' is assigned a value but never used.  @typescript-eslint/no-unused-vars
36:18  Warning: 'e' is defined but never used.  @typescript-eslint/no-unused-vars
45:8  Warning: React Hook useEffect has a missing dependency: 'fetchExistingLinks'. Either include it or remove the dependency array.  react-hooks/exhaustive-deps
75:21  Warning: 'data' is assigned a value but never used.  @typescript-eslint/no-unused-vars
75:56  Warning: Unexpected any. Specify a different type.  @typescript-eslint/no-explicit-any
88:23  Warning: Unexpected any. Specify a different type.  @typescript-eslint/no-explicit-any

./src/app/super-admin/layout.tsx
24:21  Warning: 'name' is defined but never used. Allowed unused args must match /^_/u.  @typescript-eslint/no-unused-vars
24:35  Warning: 'value' is defined but never used. Allowed unused args must match /^_/u.  @typescript-eslint/no-unused-vars
24:50  Warning: 'options' is defined but never used. Allowed unused args must match /^_/u.  @typescript-eslint/no-unused-vars
28:24  Warning: 'name' is defined but never used. Allowed unused args must match /^_/u.  @typescript-eslint/no-unused-vars
28:38  Warning: 'options' is defined but never used. Allowed unused args must match /^_/u.  @typescript-eslint/no-unused-vars

./src/app/super-admin/page.tsx
21:5  Warning: 'FileText' is defined but never used.  @typescript-eslint/no-unused-vars
26:5  Warning: 'LineChart' is defined but never used.  @typescript-eslint/no-unused-vars
27:5  Warning: 'Line' is defined but never used.  @typescript-eslint/no-unused-vars
175:18  Warning: 'error' is defined but never used.  @typescript-eslint/no-unused-vars
200:18  Warning: 'error' is defined but never used.  @typescript-eslint/no-unused-vars
276:8  Warning: React Hook useEffect has a missing dependency: 'fetchDashboardData'. Either include it or remove the dependency array.  react-hooks/exhaustive-deps
667:5  Warning: 'trend' is defined but never used. Allowed unused args must match /^_/u.  @typescript-eslint/no-unused-vars

./src/components/admin/DataTable.tsx
8:5  Warning: 'MoreHorizontal' is defined but never used.  @typescript-eslint/no-unused-vars

./src/components/ai-assistant-widget.tsx
16:11  Warning: 'containerClasses' is assigned a value but never used.  @typescript-eslint/no-unused-vars
19:11  Warning: 'panelClasses' is assigned a value but never used.  @typescript-eslint/no-unused-vars

./src/components/ai-query-system.tsx
406:8  Warning: React Hook useEffect has a missing dependency: 'stopSpeaking'. Either include it or remove the dependency array.  react-hooks/exhaustive-deps
534:33  Warning: Using `<img>` could result in slower LCP and higher bandwidth. Consider using `<Image />` from `next/image` or a custom image loader to automatically optimize images. This may incur additional usage or cost from your provider. See: https://nextjs.org/docs/messages/no-img-element  @next/next/no-img-element

./src/components/animated-logo.tsx
4:8  Warning: 'Link' is defined but never used.  @typescript-eslint/no-unused-vars

./src/components/atom-graphic.tsx
59:15  Warning: 'drawElectron' is assigned a value but never used.  @typescript-eslint/no-unused-vars

./src/components/daily-challenge-preview.tsx
2:25  Warning: 'Users' is defined but never used.  @typescript-eslint/no-unused-vars

./src/components/faculty-section.tsx
1:8  Warning: 'Image' is defined but never used.  @typescript-eslint/no-unused-vars
3:38  Warning: 'Award' is defined but never used.  @typescript-eslint/no-unused-vars

./src/components/gamification/AchievementBadge.tsx
58:8  Warning: React Hook useEffect has a missing dependency: 'loadAchievements'. Either include it or remove the dependency array.  react-hooks/exhaustive-deps

./src/components/gamification/Leaderboard.tsx
45:8  Warning: React Hook useEffect has a missing dependency: 'loadLeaderboard'. Either include it or remove the dependency array.  react-hooks/exhaustive-deps
162:45  Warning: Using `<img>` could result in slower LCP and higher bandwidth. Consider using `<Image />` from `next/image` or a custom image loader to automatically optimize images. This may incur additional usage or cost from your provider. See: https://nextjs.org/docs/messages/no-img-element  @next/next/no-img-element
232:33  Warning: Using `<img>` could result in slower LCP and higher bandwidth. Consider using `<Image />` from `next/image` or a custom image loader to automatically optimize images. This may incur additional usage or cost from your provider. See: https://nextjs.org/docs/messages/no-img-element  @next/next/no-img-element
278:37  Warning: Using `<img>` could result in slower LCP and higher bandwidth. Consider using `<Image />` from `next/image` or a custom image loader to automatically optimize images. This may incur additional usage or cost from your provider. See: https://nextjs.org/docs/messages/no-img-element  @next/next/no-img-element
363:8  Warning: React Hook useEffect has a missing dependency: 'loadLeaderboard'. Either include it or remove the dependency array.  react-hooks/exhaustive-deps
459:8  Warning: React Hook useEffect has a missing dependency: 'loadRank'. Either include it or remove the dependency array.  react-hooks/exhaustive-deps

./src/components/gamification/StreakDisplay.tsx
28:5  Warning: 'onStreakUpdate' is defined but never used. Allowed unused args must match /^_/u.  @typescript-eslint/no-unused-vars
32:27  Warning: 'setShowAnimation' is assigned a value but never used.  @typescript-eslint/no-unused-vars
36:8  Warning: React Hook useEffect has a missing dependency: 'loadStreakData'. Either include it or remove the dependency array.  react-hooks/exhaustive-deps

./src/components/lectures/LectureNotes.tsx
72:12  Warning: 'activeSection' is assigned a value but never used.  @typescript-eslint/no-unused-vars
72:27  Warning: 'setActiveSection' is assigned a value but never used.  @typescript-eslint/no-unused-vars

./src/components/lectures/LectureSidebar.tsx
64:5  Warning: 'currentLectureId' is defined but never used. Allowed unused args must match /^_/u.  @typescript-eslint/no-unused-vars

./src/components/lectures/VideoPlayer.tsx
294:8  Warning: React Hook useEffect has missing dependencies: 'skip', 'toggleFullscreen', and 'toggleMute'. Either include them or remove the dependency array.  react-hooks/exhaustive-deps
317:88  Warning: The ref value 'progressSaveIntervalRef.current' will likely have changed by the time this effect cleanup function runs. If this ref points to a node rendered by React, copy 'progressSaveIntervalRef.current' to a variable inside the effect, and use that variable in the cleanup function.  react-hooks/exhaustive-deps

./src/components/payments/PaymentButton.tsx
11:10  Warning: 'CreditCard' is defined but never used.  @typescript-eslint/no-unused-vars

./src/components/popup-provider.tsx
394:33  Warning: Using `<img>` could result in slower LCP and higher bandwidth. Consider using `<Image />` from `next/image` or a custom image loader to automatically optimize images. This may incur additional usage or cost from your provider. See: https://nextjs.org/docs/messages/no-img-element  @next/next/no-img-element

./src/components/screenshot-protection.tsx
41:15  Warning: 'ImageWithProtection' is assigned a value but never used.  @typescript-eslint/no-unused-vars
48:13  Warning: 'mediaStream' is never reassigned. Use 'const' instead.  prefer-const
48:13  Warning: 'mediaStream' is assigned a value but never used.  @typescript-eslint/no-unused-vars
53:87  Warning: Unexpected any. Specify a different type.  @typescript-eslint/no-explicit-any
59:26  Warning: 'e' is defined but never used.  @typescript-eslint/no-unused-vars
93:15  Warning: 'handleContextMenu' is assigned a value but never used.  @typescript-eslint/no-unused-vars
93:36  Warning: 'e' is defined but never used. Allowed unused args must match /^_/u.  @typescript-eslint/no-unused-vars
161:15  Warning: 'handleContextMenu' is assigned a value but never used.  @typescript-eslint/no-unused-vars
161:36  Warning: 'e' is defined but never used. Allowed unused args must match /^_/u.  @typescript-eslint/no-unused-vars

./src/components/stats.tsx
3:31  Warning: 'useRef' is defined but never used.  @typescript-eslint/no-unused-vars
25:13  Warning: 'startedAt' is never reassigned. Use 'const' instead.  prefer-const

./src/components/test/QuestionCard.tsx
4:31  Warning: 'ImageIcon' is defined but never used.  @typescript-eslint/no-unused-vars
188:25  Warning: Using `<img>` could result in slower LCP and higher bandwidth. Consider using `<Image />` from `next/image` or a custom image loader to automatically optimize images. This may incur additional usage or cost from your provider. See: https://nextjs.org/docs/messages/no-img-element  @next/next/no-img-element
221:41  Warning: Using `<img>` could result in slower LCP and higher bandwidth. Consider using `<Image />` from `next/image` or a custom image loader to automatically optimize images. This may incur additional usage or cost from your provider. See: https://nextjs.org/docs/messages/no-img-element  @next/next/no-img-element

./src/hooks/useAuth.ts
326:65  Warning: Unexpected any. Specify a different type.  @typescript-eslint/no-explicit-any
328:60  Warning: Unexpected any. Specify a different type.  @typescript-eslint/no-explicit-any

./src/hooks/useExamProctoring.ts
284:15  Warning: 'handleClipboardAttempt' is assigned a value but never used.  @typescript-eslint/no-unused-vars

./src/hooks/useLectureProgress.ts
60:49  Warning: Unexpected any. Specify a different type.  @typescript-eslint/no-explicit-any
87:57  Warning: Unexpected any. Specify a different type.  @typescript-eslint/no-explicit-any
88:56  Warning: Unexpected any. Specify a different type.  @typescript-eslint/no-explicit-any
156:45  Warning: Unexpected any. Specify a different type.  @typescript-eslint/no-explicit-any
157:37  Warning: Unexpected any. Specify a different type.  @typescript-eslint/no-explicit-any
215:45  Warning: Unexpected any. Specify a different type.  @typescript-eslint/no-explicit-any
216:41  Warning: Unexpected any. Specify a different type.  @typescript-eslint/no-explicit-any

./src/lib/ai/content-generator.ts
125:11  Warning: 'subjectConfig' is assigned a value but never used.  @typescript-eslint/no-unused-vars
273:11  Warning: 'prompt' is assigned a value but never used.  @typescript-eslint/no-unused-vars
285:11  Warning: 'prompt' is assigned a value but never used.  @typescript-eslint/no-unused-vars

./src/lib/ai/content-quality-validator.ts
136:9  Warning: 'formulaCorrectness' is never reassigned. Use 'const' instead.  prefer-const

./src/lib/ai/doubt-solver.ts
87:59  Warning: Unexpected any. Specify a different type.  @typescript-eslint/no-explicit-any
123:85  Warning: Unexpected any. Specify a different type.  @typescript-eslint/no-explicit-any
143:81  Warning: Unexpected any. Specify a different type.  @typescript-eslint/no-explicit-any

./src/lib/ai/scheduling.ts
334:11  Warning: 'teachers' is assigned a value but never used.  @typescript-eslint/no-unused-vars
357:9  Warning: 'teacher' is never reassigned. Use 'const' instead.  prefer-const

./src/lib/ai/study-plan-engine.ts
181:44  Warning: Unexpected any. Specify a different type.  @typescript-eslint/no-explicit-any
186:88  Warning: Unexpected any. Specify a different type.  @typescript-eslint/no-explicit-any
213:79  Warning: Unexpected any. Specify a different type.  @typescript-eslint/no-explicit-any

./src/lib/ai/test-generator.ts
171:26  Warning: Unexpected any. Specify a different type.  @typescript-eslint/no-explicit-any
184:62  Warning: Unexpected any. Specify a different type.  @typescript-eslint/no-explicit-any
191:41  Warning: Unexpected any. Specify a different type.  @typescript-eslint/no-explicit-any
192:53  Warning: Unexpected any. Specify a different type.  @typescript-eslint/no-explicit-any
221:48  Warning: Unexpected any. Specify a different type.  @typescript-eslint/no-explicit-any
233:57  Warning: Unexpected any. Specify a different type.  @typescript-eslint/no-explicit-any
252:48  Warning: Unexpected any. Specify a different type.  @typescript-eslint/no-explicit-any
261:61  Warning: Unexpected any. Specify a different type.  @typescript-eslint/no-explicit-any
453:26  Warning: Unexpected any. Specify a different type.  @typescript-eslint/no-explicit-any
466:39  Warning: Unexpected any. Specify a different type.  @typescript-eslint/no-explicit-any
468:42  Warning: Unexpected any. Specify a different type.  @typescript-eslint/no-explicit-any
475:42  Warning: Unexpected any. Specify a different type.  @typescript-eslint/no-explicit-any

./src/lib/backup/manager.ts
55:80  Warning: Unexpected any. Specify a different type.  @typescript-eslint/no-explicit-any
95:91  Warning: Unexpected any. Specify a different type.  @typescript-eslint/no-explicit-any
114:21  Warning: Unexpected any. Specify a different type.  @typescript-eslint/no-explicit-any
116:39  Warning: Unexpected any. Specify a different type.  @typescript-eslint/no-explicit-any
129:60  Warning: Unexpected any. Specify a different type.  @typescript-eslint/no-explicit-any
153:23  Warning: Unexpected any. Specify a different type.  @typescript-eslint/no-explicit-any
246:59  Warning: Unexpected any. Specify a different type.  @typescript-eslint/no-explicit-any

./src/lib/blog/service.ts
26:44  Warning: Unexpected any. Specify a different type.  @typescript-eslint/no-explicit-any

./src/lib/cms/service.ts
16:44  Warning: Unexpected any. Specify a different type.  @typescript-eslint/no-explicit-any

./src/lib/cms/types.ts
21:31  Warning: Unexpected any. Specify a different type.  @typescript-eslint/no-explicit-any
32:31  Warning: Unexpected any. Specify a different type.  @typescript-eslint/no-explicit-any

./src/lib/communications/service.ts
30:43  Warning: Unexpected any. Specify a different type.  @typescript-eslint/no-explicit-any
61:21  Warning: Unexpected any. Specify a different type.  @typescript-eslint/no-explicit-any
95:30  Warning: Unexpected any. Specify a different type.  @typescript-eslint/no-explicit-any
105:44  Warning: Unexpected any. Specify a different type.  @typescript-eslint/no-explicit-any
175:46  Warning: Unexpected any. Specify a different type.  @typescript-eslint/no-explicit-any
185:53  Warning: Unexpected any. Specify a different type.  @typescript-eslint/no-explicit-any

./src/lib/gamification/achievements.ts
186:32  Warning: 'achievement' is assigned a value but never used.  @typescript-eslint/no-unused-vars
283:62  Warning: Unexpected any. Specify a different type.  @typescript-eslint/no-explicit-any
403:76  Warning: Unexpected any. Specify a different type.  @typescript-eslint/no-explicit-any

./src/lib/gamification/index.ts
237:83  Warning: Unexpected any. Specify a different type.  @typescript-eslint/no-explicit-any

./src/lib/gamification/leaderboards.ts
11:15  Warning: 'Leaderboard' is defined but never used.  @typescript-eslint/no-unused-vars
41:22  Warning: Unexpected any. Specify a different type.  @typescript-eslint/no-explicit-any
72:22  Warning: Unexpected any. Specify a different type.  @typescript-eslint/no-explicit-any
178:22  Warning: Unexpected any. Specify a different type.  @typescript-eslint/no-explicit-any
228:22  Warning: Unexpected any. Specify a different type.  @typescript-eslint/no-explicit-any
287:22  Warning: Unexpected any. Specify a different type.  @typescript-eslint/no-explicit-any
355:22  Warning: Unexpected any. Specify a different type.  @typescript-eslint/no-explicit-any

./src/lib/gamification/points.ts
58:11  Warning: 'supabase' is assigned a value but never used.  @typescript-eslint/no-unused-vars
127:75  Warning: Unexpected any. Specify a different type.  @typescript-eslint/no-explicit-any
222:73  Warning: Unexpected any. Specify a different type.  @typescript-eslint/no-explicit-any

./src/lib/gamification/streaks.ts
11:28  Warning: 'StudentProfile' is defined but never used.  @typescript-eslint/no-unused-vars
30:70  Warning: Unexpected any. Specify a different type.  @typescript-eslint/no-explicit-any
221:77  Warning: Unexpected any. Specify a different type.  @typescript-eslint/no-explicit-any

./src/lib/online-exams/service.ts
31:43  Warning: Unexpected any. Specify a different type.  @typescript-eslint/no-explicit-any
245:38  Warning: Unexpected any. Specify a different type.  @typescript-eslint/no-explicit-any
272:31  Warning: Unexpected any. Specify a different type.  @typescript-eslint/no-explicit-any
291:49  Warning: Unexpected any. Specify a different type.  @typescript-eslint/no-explicit-any
291:64  Warning: Unexpected any. Specify a different type.  @typescript-eslint/no-explicit-any
310:43  Warning: Unexpected any. Specify a different type.  @typescript-eslint/no-explicit-any
310:60  Warning: Unexpected any. Specify a different type.  @typescript-eslint/no-explicit-any
775:45  Warning: Unexpected any. Specify a different type.  @typescript-eslint/no-explicit-any
775:86  Warning: Unexpected any. Specify a different type.  @typescript-eslint/no-explicit-any
827:46  Warning: Unexpected any. Specify a different type.  @typescript-eslint/no-explicit-any
827:87  Warning: Unexpected any. Specify a different type.  @typescript-eslint/no-explicit-any
945:50  Warning: Unexpected any. Specify a different type.  @typescript-eslint/no-explicit-any
946:27  Warning: Unexpected any. Specify a different type.  @typescript-eslint/no-explicit-any
1490:43  Warning: Unexpected any. Specify a different type.  @typescript-eslint/no-explicit-any

./src/lib/payments/index.ts
26:39  Warning: 'location' is assigned a value but never used. Allowed unused args must match /^_/u.  @typescript-eslint/no-unused-vars

./src/lib/pdf/test-pdf-generator.ts
282:21  Warning: 'PAGE_WIDTH' is assigned a value but never used.  @typescript-eslint/no-unused-vars
426:19  Warning: 'questionBoxY' is assigned a value but never used.  @typescript-eslint/no-unused-vars
427:19  Warning: 'questionBoxHeight' is assigned a value but never used.  @typescript-eslint/no-unused-vars
481:19  Warning: 'answerBoxY' is assigned a value but never used.  @typescript-eslint/no-unused-vars

./src/lib/platform-manager/alerts.ts
370:14  Warning: Unexpected any. Specify a different type.  @typescript-eslint/no-explicit-any

./src/lib/platform-manager/health.ts
156:17  Warning: 'data' is assigned a value but never used.  @typescript-eslint/no-unused-vars
171:18  Warning: Unexpected any. Specify a different type.  @typescript-eslint/no-explicit-any
245:25  Warning: 'session' is assigned a value but never used.  @typescript-eslint/no-unused-vars
250:23  Warning: 'authConfig' is assigned a value but never used.  @typescript-eslint/no-unused-vars

./src/lib/platform-manager/monitor.ts
416:10  Warning: Unexpected any. Specify a different type.  @typescript-eslint/no-explicit-any
443:10  Warning: Unexpected any. Specify a different type.  @typescript-eslint/no-explicit-any

./src/lib/platform-manager/payments.ts
270:11  Warning: 'supabase' is assigned a value but never used.  @typescript-eslint/no-unused-vars

./src/lib/platform-manager/performance.ts
13:15  Warning: 'Database' is defined but never used.  @typescript-eslint/no-unused-vars
1167:5  Warning: 'filePath' is defined but never used. Allowed unused args must match /^_/u.  @typescript-eslint/no-unused-vars

./src/lib/platform-manager/security.ts
13:15  Warning: 'Database' is defined but never used.  @typescript-eslint/no-unused-vars
14:15  Warning: 'SupabaseClient' is defined but never used.  @typescript-eslint/no-unused-vars
19:29  Warning: Unexpected any. Specify a different type.  @typescript-eslint/no-explicit-any
19:35  Warning: Unexpected any. Specify a different type.  @typescript-eslint/no-explicit-any
1294:9  Warning: 'passwordResetData' is assigned a value but never used.  @typescript-eslint/no-unused-vars
1295:9  Warning: 'queries' is assigned a value but never used.  @typescript-eslint/no-unused-vars

./src/lib/platform-manager/selfhealing.ts
12:10  Warning: 'getRecentErrors' is defined but never used.  @typescript-eslint/no-unused-vars
15:10  Warning: 'checkDatabaseHealth' is defined but never used.  @typescript-eslint/no-unused-vars
20:29  Warning: Unexpected any. Specify a different type.  @typescript-eslint/no-explicit-any
20:35  Warning: Unexpected any. Specify a different type.  @typescript-eslint/no-explicit-any
695:64  Warning: 'details' is defined but never used. Allowed unused args must match /^_/u.  @typescript-eslint/no-unused-vars
1071:21  Warning: 'actionType' is assigned a value but never used.  @typescript-eslint/no-unused-vars

./src/lib/platform-manager/testing.ts
14:15  Warning: 'Database' is defined but never used.  @typescript-eslint/no-unused-vars
15:15  Warning: 'SupabaseClient' is defined but never used.  @typescript-eslint/no-unused-vars
20:29  Warning: Unexpected any. Specify a different type.  @typescript-eslint/no-explicit-any
20:35  Warning: Unexpected any. Specify a different type.  @typescript-eslint/no-explicit-any
941:11  Warning: 'supabase' is assigned a value but never used.  @typescript-eslint/no-unused-vars
1044:14  Warning: Unexpected any. Specify a different type.  @typescript-eslint/no-explicit-any
1067:14  Warning: Unexpected any. Specify a different type.  @typescript-eslint/no-explicit-any
1152:34  Warning: Unexpected any. Specify a different type.  @typescript-eslint/no-explicit-any

./src/lib/reports/role-reports.ts
35:43  Warning: Unexpected any. Specify a different type.  @typescript-eslint/no-explicit-any
71:21  Warning: Unexpected any. Specify a different type.  @typescript-eslint/no-explicit-any

./src/middleware.ts
166:59  Warning: Unexpected any. Specify a different type.  @typescript-eslint/no-explicit-any
167:47  Warning: Unexpected any. Specify a different type.  @typescript-eslint/no-explicit-any

info  - Need to disable some ESLint rules? Learn more here: https://nextjs.org/docs/app/api-reference/config/eslint#disabling-rules
Failed to compile.

./src/utils/index.ts:3
:1
Type error: Module 
'@/lib/utils' has 
already exported a 
member named 
'debounce'. Consider 
explicitly 
re-exporting to 
resolve the ambiguity.

[0m [90m 1 |[39m 
[36mexport[39m 
[33m*[39m 
[36mfrom[39m [32m'@
/lib/utils'[39m[33m;
[39m
 [90m 2 |[39m 
[36mexport[39m 
[33m*[39m 
[36mfrom[39m [32m'@
/lib/error-handler'[3
9m[33m;[39m
[31m[1m>[22m[39m[
90m 3 |[39m 
[36mexport[39m 
[33m*[39m 
[36mfrom[39m [32m'@
/lib/performance'[39m
[33m;[39m
 [90m   |[39m 
[31m[1m^[22m[39m
 [90m 4 |[39m[0m
Next.js build worker 
exited with code: 1 
and signal: null
